{
  "version": "1.5.0",
  "plugins_used": [
    {
      "name": "ArtifactoryDetector"
    },
    {
      "name": "AWSKeyDetector"
    },
    {
      "name": "AzureStorageKeyDetector"
    },
    {
      "name": "Base64HighEntropyString",
      "limit": 4.5
    },
    {
      "name": "BasicAuthDetector"
    },
    {
      "name": "CloudantDetector"
    },
    {
      "name": "DiscordBotTokenDetector"
    },
    {
      "name": "GitHubTokenDetector"
    },
    {
      "name": "GitLabTokenDetector"
    },
    {
      "name": "HexHighEntropyString",
      "limit": 3.0
    },
    {
      "name": "IbmCloudIamDetector"
    },
    {
      "name": "IbmCosHmacDetector"
    },
    {
      "name": "IPPublicDetector"
    },
    {
      "name": "JwtTokenDetector"
    },
    {
      "name": "KeywordDetector",
      "keyword_exclude": ""
    },
    {
      "name": "MailchimpDetector"
    },
    {
      "name": "NpmDetector"
    },
    {
      "name": "OpenAIDetector"
    },
    {
      "name": "PrivateKeyDetector"
    },
    {
      "name": "PypiTokenDetector"
    },
    {
      "name": "SendGridDetector"
    },
    {
      "name": "SlackDetector"
    },
    {
      "name": "SoftlayerDetector"
    },
    {
      "name": "SquareOAuthDetector"
    },
    {
      "name": "StripeDetector"
    },
    {
      "name": "TelegramBotTokenDetector"
    },
    {
      "name": "TwilioKeyDetector"
    }
  ],
  "filters_used": [
    {
      "path": "detect_secrets.filters.allowlist.is_line_allowlisted"
    },
    {
      "path": "detect_secrets.filters.common.is_baseline_file",
      "filename": ".secrets.baseline"
    },
    {
      "path": "detect_secrets.filters.common.is_ignored_due_to_verification_policies",
      "min_level": 2
    },
    {
      "path": "detect_secrets.filters.heuristic.is_indirect_reference"
    },
    {
      "path": "detect_secrets.filters.heuristic.is_likely_id_string"
    },
    {
      "path": "detect_secrets.filters.heuristic.is_lock_file"
    },
    {
      "path": "detect_secrets.filters.heuristic.is_not_alphanumeric_string"
    },
    {
      "path": "detect_secrets.filters.heuristic.is_potential_uuid"
    },
    {
      "path": "detect_secrets.filters.heuristic.is_prefixed_with_dollar_sign"
    },
    {
      "path": "detect_secrets.filters.heuristic.is_sequential_string"
    },
    {
      "path": "detect_secrets.filters.heuristic.is_swagger_file"
    },
    {
      "path": "detect_secrets.filters.heuristic.is_templated_secret"
    },
    {
      "path": "detect_secrets.filters.regex.should_exclude_file",
      "pattern": [
        "scripts/redis-performance-optimization.sh|\\.pre-commit-config\\.yaml|conf/watchtower/notifications-examples\\.env"
      ]
    }
  ],
  "results": {
    ".pre-commit/config-full.yaml": [
      {
        "type": "Secret Keyword",
        "filename": ".pre-commit/config-full.yaml",
        "hashed_secret": "ad03b806de10caae8d23a683e4120e5576abc48c",
        "is_verified": false,
        "line_number": 217
      }
    ],
    ".pre-commit/config-security.yaml": [
      {
        "type": "Secret Keyword",
        "filename": ".pre-commit/config-security.yaml",
        "hashed_secret": "ad03b806de10caae8d23a683e4120e5576abc48c",
        "is_verified": false,
        "line_number": 22
      }
    ],
    ".vscode/launch.json": [
      {
        "type": "Secret Keyword",
        "filename": ".vscode/launch.json",
        "hashed_secret": "72eb25a54106d0eb4118a712670bbd9c2e4ea9d5",
        "is_verified": false,
        "line_number": 12
      }
    ],
    "compose.yml.example": [
      {
        "type": "Basic Auth Credentials",
        "filename": "compose.yml.example",
        "hashed_secret": "4f45f7b0c406bc54f3903440787df26b2c6863b8",
        "is_verified": false,
        "line_number": 683
      }
    ],
    "conf/litellm/config.yaml": [
      {
        "type": "Secret Keyword",
        "filename": "conf/litellm/config.yaml",
        "hashed_secret": "730bd6613249a7a7227a74e264c37516f3ab3973",
        "is_verified": false,
        "line_number": 48
      },
      {
        "type": "Secret Keyword",
        "filename": "conf/litellm/config.yaml",
        "hashed_secret": "07db03b4eef371b55ee656a334d69857b58a09da",
        "is_verified": false,
        "line_number": 84
      }
    ],
    "conf/searxng/settings.yml.example": [
      {
        "type": "Secret Keyword",
        "filename": "conf/searxng/settings.yml.example",
        "hashed_secret": "18c0522829b3e0db8437d4c01798490d1147520a",
        "is_verified": false,
        "line_number": 103
      },
      {
        "type": "Secret Keyword",
        "filename": "conf/searxng/settings.yml.example",
        "hashed_secret": "fff210fd342ef452785bb9800b15cc0783511567",
        "is_verified": false,
        "line_number": 603
      },
      {
        "type": "Secret Keyword",
        "filename": "conf/searxng/settings.yml.example",
        "hashed_secret": "d4c3d66fd0c38547a3c7a4c6bdc29c36911bc030",
        "is_verified": false,
        "line_number": 871
      },
      {
        "type": "Hex High Entropy String",
        "filename": "conf/searxng/settings.yml.example",
        "hashed_secret": "53036d2e7e5e58fbb931ff70721dea1b71e6348c",
        "is_verified": false,
        "line_number": 1797
      }
    ],
    "docker-compose.sh": [
      {
        "type": "Secret Keyword",
        "filename": "docker-compose.sh",
        "hashed_secret": "ae32607fa196f0c7e400e5df1555e295ae469900",
        "is_verified": false,
        "line_number": 91
      },
      {
        "type": "Secret Keyword",
        "filename": "docker-compose.sh",
        "hashed_secret": "323a5adb1133ccc8e52f9092d550f310c9a90042",
        "is_verified": false,
        "line_number": 138
      },
      {
        "type": "Secret Keyword",
        "filename": "docker-compose.sh",
        "hashed_secret": "41fd48ad015f86e02002c47e2d3adb0f2b0add22",
        "is_verified": false,
        "line_number": 329
      }
    ],
    "secrets/README.md": [
      {
        "type": "Basic Auth Credentials",
        "filename": "secrets/README.md",
        "hashed_secret": "45d676e7c6ab44cf4b8fa366ef2d8fccd3e6d6e6",
        "is_verified": false,
        "line_number": 78
      }
    ],
    "secrets/postgres_exporter_dsn.txt.example": [
      {
        "type": "Basic Auth Credentials",
        "filename": "secrets/postgres_exporter_dsn.txt.example",
        "hashed_secret": "7205a0abf00d1daec13c63ece029057c974795a9",
        "is_verified": false,
        "line_number": 3
      }
    ]
  },
  "generated_at": "2025-12-09T13:35:36Z"
}
